The script will wait for 30 seconds to start recording

30 seconds remaining.
29 seconds remaining.
28 seconds remaining.
27 seconds remaining.
26 seconds remaining.
25 seconds remaining.
24 seconds remaining.
23 seconds remaining.
22 seconds remaining.
21 seconds remaining.
20 seconds remaining.
19 seconds remaining.
18 seconds remaining.
17 seconds remaining.
16 seconds remaining.
15 seconds remaining.
14 seconds remaining.
13 seconds remaining.
12 seconds remaining.
11 seconds remaining.
10 seconds remaining.
 9 seconds remaining.
 8 seconds remaining.
 7 seconds remaining.
 6 seconds remaining.
 5 seconds remaining.
 4 seconds remaining.
 3 seconds remaining.
 2 seconds remaining.
 1 seconds remaining.
